Archive member included to satisfy reference by file (symbol)

c:/program files (x86)/gnu tools arm embedded/5.2 2015q4/bin/../lib/gcc/arm-none-eabi/5.2.1/armv7e-m/fpu\libgcc.a(_arm_truncdfsf2.o)
                              ..\obj\trcUser.o (__aeabi_d2f)
c:/program files (x86)/gnu tools arm embedded/5.2 2015q4/bin/../lib/gcc/arm-none-eabi/5.2.1/../../../../arm-none-eabi/lib/armv7e-m/fpu\libg.a(lib_a-memcpy.o)
                              ..\obj\trcUser.o (memcpy)
c:/program files (x86)/gnu tools arm embedded/5.2 2015q4/bin/../lib/gcc/arm-none-eabi/5.2.1/../../../../arm-none-eabi/lib/armv7e-m/fpu\libg.a(lib_a-memset.o)
                              ..\obj\trcBase.o (memset)
c:/program files (x86)/gnu tools arm embedded/5.2 2015q4/bin/../lib/gcc/arm-none-eabi/5.2.1/../../../../arm-none-eabi/lib/armv7e-m/fpu\libg.a(lib_a-strncmp.o)
                              ..\obj\trcBase.o (strncmp)
c:/program files (x86)/gnu tools arm embedded/5.2 2015q4/bin/../lib/gcc/arm-none-eabi/5.2.1/../../../../arm-none-eabi/lib/armv7e-m/fpu\libg.a(lib_a-strncpy.o)
                              ..\obj\trcBase.o (strncpy)

Allocating common symbols
Common symbol       size              file

sEEDMA_InitStructure
                    0x3c              ..\obj\stm32f429i_discovery.o
xQueueRegistry      0x40              ..\obj\queue.o
RecorderData        0x46c0            ..\obj\trcBase.o
user_event_channel  0x2               ..\obj\main.o
TP_State            0x8               ..\obj\stm32f429i_discovery_ioe.o
NVIC_InitStructure  0x4               ..\obj\stm32f429i_discovery.o
init_hwtc_count     0x4               ..\obj\trcBase.o

Discarded input sections

 .text          0x00000000        0x0 ..\obj\stm32f4xx_syscfg.o
 .data          0x00000000        0x0 ..\obj\stm32f4xx_syscfg.o
 .bss           0x00000000        0x0 ..\obj\stm32f4xx_syscfg.o
 .text.SYSCFG_DeInit
                0x00000000       0x1c ..\obj\stm32f4xx_syscfg.o
 .text.SYSCFG_MemoryRemapConfig
                0x00000000       0x20 ..\obj\stm32f4xx_syscfg.o
 .text.SYSCFG_MemorySwappingBank
                0x00000000       0x20 ..\obj\stm32f4xx_syscfg.o
 .text.SYSCFG_ETH_MediaInterfaceConfig
                0x00000000       0x20 ..\obj\stm32f4xx_syscfg.o
 .text.SYSCFG_CompensationCellCmd
                0x00000000       0x20 ..\obj\stm32f4xx_syscfg.o
 .text.SYSCFG_GetCompensationCellStatus
                0x00000000       0x34 ..\obj\stm32f4xx_syscfg.o
 .text          0x00000000        0x0 ..\obj\trcKernel.o
 .text.vTraceSetReadyEventsEnabled
                0x00000000       0x20 ..\obj\trcKernel.o
 .text.vTraceStoreLowPower
                0x00000000       0xa8 ..\obj\trcKernel.o
 .text          0x00000000        0x0 ..\obj\stm32f429i_discovery_ioe.o
 .bss           0x00000000        0x8 ..\obj\stm32f429i_discovery_ioe.o
 .text.IOE_TPITConfig
                0x00000000       0x20 ..\obj\stm32f429i_discovery_ioe.o
 .text.IOE_TP_GetState
                0x00000000       0xcc ..\obj\stm32f429i_discovery_ioe.o
 .text.IOE_GetGITStatus
                0x00000000       0x34 ..\obj\stm32f429i_discovery_ioe.o
 .text.IOE_ClearGITPending
                0x00000000       0x20 ..\obj\stm32f429i_discovery_ioe.o
 .text.IOE_GITCmd
                0x00000000       0x44 ..\obj\stm32f429i_discovery_ioe.o
 .text.IOE_GITConfig
                0x00000000       0x50 ..\obj\stm32f429i_discovery_ioe.o
 .text.I2C_DMA_WriteDeviceRegister
                0x00000000      0x198 ..\obj\stm32f429i_discovery_ioe.o
 .text.I2C_DMA_ReadDeviceRegister
                0x00000000      0x1d4 ..\obj\stm32f429i_discovery_ioe.o
 .text.I2C_DMA_ReadDataBuffer
                0x00000000      0x200 ..\obj\stm32f429i_discovery_ioe.o
 .text.IOE_TP_Read_X
                0x00000000       0x68 ..\obj\stm32f429i_discovery_ioe.o
 .text.IOE_TP_Read_Y
                0x00000000       0x54 ..\obj\stm32f429i_discovery_ioe.o
 .text.IOE_TP_Read_Z
                0x00000000       0x28 ..\obj\stm32f429i_discovery_ioe.o
 .text.IOE_DMA_Config
                0x00000000       0xa4 ..\obj\stm32f429i_discovery_ioe.o
 .text.I2C_WritePCFRegister
                0x00000000      0x124 ..\obj\stm32f429i_discovery_ioe.o
 .text.I2C_ReadPCFRegister
                0x00000000       0xf0 ..\obj\stm32f429i_discovery_ioe.o
 .text.I2C_ReadDataBuffer
                0x00000000      0x1d8 ..\obj\stm32f429i_discovery_ioe.o
 .text          0x00000000        0x0 ..\obj\stm32f4xx_sdio.o
 .data          0x00000000        0x0 ..\obj\stm32f4xx_sdio.o
 .bss           0x00000000        0x0 ..\obj\stm32f4xx_sdio.o
 .text.SDIO_DeInit
                0x00000000       0x1c ..\obj\stm32f4xx_sdio.o
 .text.SDIO_Init
                0x00000000       0x60 ..\obj\stm32f4xx_sdio.o
 .text.SDIO_StructInit
                0x00000000       0x38 ..\obj\stm32f4xx_sdio.o
 .text.SDIO_ClockCmd
                0x00000000       0x20 ..\obj\stm32f4xx_sdio.o
 .text.SDIO_SetPowerState
                0x00000000       0x20 ..\obj\stm32f4xx_sdio.o
 .text.SDIO_GetPowerState
[...]
Memory Configuration

Name             Origin             Length             Attributes
rom              0x08000000         0x00200000         xr
ram              0x20000000         0x00030000         xrw
ram1             0x10000000         0x00010000         xrw
*default*        0x00000000         0xffffffff

Linker script and memory map

                0x20030000                _eram = 0x20030000

.text           0x08000000     0x76bd
 *(.isr_vector)
 .isr_vector    0x08000000      0x1ac ..\obj\startup_stm32f429_439xx.o
                0x08000000                g_pfnVectors
 *(.text*)
 .text.SYSCFG_EXTILineConfig
                0x080001ac       0x84 ..\obj\stm32f4xx_syscfg.o
                0x080001ac                SYSCFG_EXTILineConfig
 .text.vTraceStoreTaskReady
                0x08000230       0xec ..\obj\trcKernel.o
                0x08000230                vTraceStoreTaskReady
 .text.vTraceStoreMemMangEvent
                0x0800031c      0x128 ..\obj\trcKernel.o
                0x0800031c                vTraceStoreMemMangEvent
 .text.vTraceStoreKernelCall
                0x08000444      0x140 ..\obj\trcKernel.o
                0x08000444                vTraceStoreKernelCall
 .text.vTraceStoreKernelCallWithParam
                0x08000584      0x150 ..\obj\trcKernel.o
                0x08000584                vTraceStoreKernelCallWithParam
 .text.prvTraceGetParam
                0x080006d4       0x78 ..\obj\trcKernel.o
 .text.vTraceStoreKernelCallWithNumericParamOnly
                0x0800074c      0x100 ..\obj\trcKernel.o
                0x0800074c                vTraceStoreKernelCallWithNumericParamOnly
 .text.vTraceStoreTaskswitch
                0x0800084c      0x12c ..\obj\trcKernel.o
                0x0800084c                vTraceStoreTaskswitch
 .text.vTraceStoreObjectNameOnCloseEvent
                0x08000978       0xa4 ..\obj\trcKernel.o
                0x08000978                vTraceStoreObjectNameOnCloseEvent
 .text.vTraceStoreObjectPropertiesOnCloseEvent
                0x08000a1c       0xd0 ..\obj\trcKernel.o
                0x08000a1c                vTraceStoreObjectPropertiesOnCloseEvent
 .text.vTraceSetPriorityProperty
                0x08000aec       0x78 ..\obj\trcKernel.o
                0x08000aec                vTraceSetPriorityProperty
 .text.uiTraceGetPriorityProperty
                0x08000b64       0x7c ..\obj\trcKernel.o
                0x08000b64                uiTraceGetPriorityProperty
 .text.vTraceSetObjectState
                0x08000be0       0x78 ..\obj\trcKernel.o
                0x08000be0                vTraceSetObjectState
 .text.uiTraceGetObjectState
                0x08000c58       0x78 ..\obj\trcKernel.o
                0x08000c58                uiTraceGetObjectState
 .text.vTraceSetTaskInstanceFinished
                0x08000cd0       0x54 ..\obj\trcKernel.o
                0x08000cd0                vTraceSetTaskInstanceFinished
 .text.IOE_Config
                0x08000d24       0x30 ..\obj\stm32f429i_discovery_ioe.o
                0x08000d24                IOE_Config
 .text.IOE_IsOperational
                0x08000d54       0x34 ..\obj\stm32f429i_discovery_ioe.o
                0x08000d54                IOE_IsOperational
 .text.IOE_Reset
                0x08000d88       0x20 ..\obj\stm32f429i_discovery_ioe.o
                0x08000d88                IOE_Reset
 .text.IOE_ReadID
                0x08000da8       0x34 ..\obj\stm32f429i_discovery_ioe.o
                0x08000da8                IOE_ReadID
 .text.IOE_FnctCmd
                0x08000ddc       0x50 ..\obj\stm32f429i_discovery_ioe.o
                0x08000ddc                IOE_FnctCmd
 .text.IOE_TP_Config
                0x08000e2c       0x94 ..\obj\stm32f429i_discovery_ioe.o
                0x08000e2c                IOE_TP_Config
 .text.IOE_IOAFConfig
                0x08000ec0       0x50 ..\obj\stm32f429i_discovery_ioe.o
                0x08000ec0                IOE_IOAFConfig
 .text.IOE_GPIO_Config
                0x08000f10       0x8c ..\obj\stm32f429i_discovery_ioe.o
 .text.IOE_I2C_Config
                0x08000f9c       0x54 ..\obj\stm32f429i_discovery_ioe.o
 .text.I2C_WriteDeviceRegister
                0x08000ff0      0x160 ..\obj\stm32f429i_discovery_ioe.o
                0x08000ff0                I2C_WriteDeviceRegister
 .text.I2C_ReadDeviceRegister
                0x08001150      0x1dc ..\obj\stm32f429i_discovery_ioe.o
                0x08001150                I2C_ReadDeviceRegister
 .text.IOE_TimeoutUserCallback
                0x0800132c       0x6c ..\obj\stm32f429i_discovery_ioe.o
                0x0800132c                IOE_TimeoutUserCallback
 .text.delay    0x08001398       0x34 ..\obj\stm32f429i_discovery_ioe.o
 .text.main     0x080013cc       0x88 ..\obj\main.o
                0x080013cc                main
 .text.prvTraceInitTraceData
                0x08001454      0x21c ..\obj\trcBase.o
                0x08001454                prvTraceInitTraceData
 .text.vInitStartMarkers
                0x08001670       0x54 ..\obj\trcBase.o
 .text.xTraceNextFreeEventBufferSlot
                0x080016c4       0x48 ..\obj\trcBase.o
                0x080016c4                xTraceNextFreeEventBufferSlot
 .text.uiIndexOfObject
                0x0800170c       0xb0 ..\obj\trcBase.o
                0x0800170c                uiIndexOfObject
 .text.xTraceGetObjectHandle
                0x080017bc      0x270 ..\obj\trcBase.o
                0x080017bc                xTraceGetObjectHandle
 .text.vTraceFreeObjectHandle
                0x08001a2c       0xa4 ..\obj\trcBase.o
                0x08001a2c                vTraceFreeObjectHandle
 .text.vTraceSetObjectName
                0x08001ad0       0xbc ..\obj\trcBase.o
                0x08001ad0                vTraceSetObjectName
 .text.prvTraceOpenSymbol
                0x08001b8c       0xa0 ..\obj\trcBase.o
                0x08001b8c                prvTraceOpenSymbol
 .text.vTraceError
                0x08001c2c       0x70 ..\obj\trcBase.o
                0x08001c2c                vTraceError
 .text.prvTraceUpdateCounters
                0x08001c9c       0x3c ..\obj\trcBase.o
                0x08001c9c                prvTraceUpdateCounters
 .text.prvTraceGetDTS
                0x08001cd8      0x16c ..\obj\trcBase.o
                0x08001cd8                prvTraceGetDTS
 .text.prvTraceLookupSymbolTableEntry
                0x08001e44       0xf8 ..\obj\trcBase.o
                0x08001e44                prvTraceLookupSymbolTableEntry
 .text.prvTraceCreateSymbolTableEntry
                0x08001f3c      0x17c ..\obj\trcBase.o
                0x08001f3c                prvTraceCreateSymbolTableEntry
 .text.prvTraceGetChecksum
                0x080020b8       0x8c ..\obj\trcBase.o
                0x080020b8                prvTraceGetChecksum
 .text.RCC_GetClocksFreq
                0x08002144      0x154 ..\obj\stm32f4xx_rcc.o
                0x08002144                RCC_GetClocksFreq
 .text.RCC_AHB1PeriphClockCmd
                0x08002298       0x40 ..\obj\stm32f4xx_rcc.o
                0x08002298                RCC_AHB1PeriphClockCmd
 .text.RCC_APB1PeriphClockCmd
                0x080022d8       0x40 ..\obj\stm32f4xx_rcc.o
                0x080022d8                RCC_APB1PeriphClockCmd
 .text.RCC_APB2PeriphClockCmd
                0x08002318       0x40 ..\obj\stm32f4xx_rcc.o
                0x08002318                RCC_APB2PeriphClockCmd
 .text.RCC_APB1PeriphResetCmd
                0x08002358       0x40 ..\obj\stm32f4xx_rcc.o
                0x08002358                RCC_APB1PeriphResetCmd
 .text.xTimerCreateTimerTask
                0x08002398       0x6c ..\obj\timers.o
                0x08002398                xTimerCreateTimerTask
 .text.xTimerGenericCommand
                0x08002404      0x114 ..\obj\timers.o
                0x08002404                xTimerGenericCommand
 .text.prvProcessExpiredTimer
                0x08002518       0x80 ..\obj\timers.o
 .text.prvTimerTask
                0x08002598       0x24 ..\obj\timers.o
 .text.prvProcessTimerOrBlockTask
                0x080025bc       0x80 ..\obj\timers.o
 .text.prvGetNextExpireTime
                0x0800263c       0x48 ..\obj\timers.o
 .text.prvSampleTimeNow
                0x08002684       0x40 ..\obj\timers.o
 .text.prvInsertTimerInActiveList
                0x080026c4       0x84 ..\obj\timers.o
 .text.prvProcessReceivedCommands
                0x08002748      0x124 ..\obj\timers.o
 .text.prvSwitchTimerLists
                0x0800286c       0xc0 ..\obj\timers.o
 .text.prvCheckForValidListAndQueue
                0x0800292c       0x90 ..\obj\timers.o
 .text.vTaskSniffer
                0x080029bc       0x18 ..\obj\TD_Sniffer.o
                0x080029bc                vTaskSniffer
 .text.xTaskGenericCreate
                0x080029d4      0x20c ..\obj\tasks.o
                0x080029d4                xTaskGenericCreate
 .text.vTaskStartScheduler
                0x08002be0       0x98 ..\obj\tasks.o
                0x08002be0                vTaskStartScheduler
 .text.vTaskSuspendAll
                0x08002c78       0x1c ..\obj\tasks.o
                0x08002c78                vTaskSuspendAll
 .text.xTaskResumeAll
                0x08002c94      0x134 ..\obj\tasks.o
                0x08002c94                xTaskResumeAll
 .text.xTaskGetTickCount
                0x08002dc8       0x20 ..\obj\tasks.o
                0x08002dc8                xTaskGetTickCount
 .text.xTaskIncrementTick
                0x08002de8      0x1b0 ..\obj\tasks.o
                0x08002de8                xTaskIncrementTick
 .text.vTaskSwitchContext
                0x08002f98       0xc4 ..\obj\tasks.o
                0x08002f98                vTaskSwitchContext
 .text.vTaskPlaceOnEventList
                0x0800305c       0x9c ..\obj\tasks.o
                0x0800305c                vTaskPlaceOnEventList
 .text.vTaskPlaceOnEventListRestricted
                0x080030f8      0x108 ..\obj\tasks.o
                0x080030f8                vTaskPlaceOnEventListRestricted
 .text.xTaskRemoveFromEventList
                0x08003200       0xd0 ..\obj\tasks.o
                0x08003200                xTaskRemoveFromEventList
 .text.vTaskSetTimeOutState
                0x080032d0       0x48 ..\obj\tasks.o
                0x080032d0                vTaskSetTimeOutState
 .text.xTaskCheckForTimeOut
                0x08003318       0xbc ..\obj\tasks.o
                0x08003318                xTaskCheckForTimeOut
 .text.vTaskMissedYield
                0x080033d4       0x18 ..\obj\tasks.o
                0x080033d4                vTaskMissedYield
 .text.uxTaskGetTaskNumber
                0x080033ec       0x2c ..\obj\tasks.o
                0x080033ec                uxTaskGetTaskNumber
 .text.prvIdleTask
                0x08003418       0x30 ..\obj\tasks.o
 .text.prvInitialiseTCBVariables
                0x08003448       0xa8 ..\obj\tasks.o
 .text.prvInitialiseTaskLists
                0x080034f0       0x80 ..\obj\tasks.o
 .text.prvCheckTasksWaitingTermination
                0x08003570       0x78 ..\obj\tasks.o
 .text.prvAddCurrentTaskToDelayedList
                0x080035e8       0x6c ..\obj\tasks.o
 .text.prvAllocateTCBAndStack
                0x08003654       0x6c ..\obj\tasks.o
 .text.prvDeleteTCB
                0x080036c0       0x20 ..\obj\tasks.o
 .text.prvResetNextTaskUnblockTime
                0x080036e0       0x4c ..\obj\tasks.o
 .text.xTaskGetCurrentTaskHandle
                0x0800372c       0x20 ..\obj\tasks.o
                0x0800372c                xTaskGetCurrentTaskHandle
 .text.xTaskGetSchedulerState
                0x0800374c       0x3c ..\obj\tasks.o
                0x0800374c                xTaskGetSchedulerState
 .text.vTaskPriorityInherit
                0x08003788      0x140 ..\obj\tasks.o
                0x08003788                vTaskPriorityInherit
 .text.xTaskPriorityDisinherit
                0x080038c8      0x154 ..\obj\tasks.o
                0x080038c8                xTaskPriorityDisinherit
 .text.pvTaskIncrementMutexHeldCount
                0x08003a1c       0x28 ..\obj\tasks.o
                0x08003a1c                pvTaskIncrementMutexHeldCount
 .text.GPIO_Init
                0x08003a44      0x11c ..\obj\stm32f4xx_gpio.o
                0x08003a44                GPIO_Init
 .text.GPIO_PinAFConfig
                0x08003b60       0x94 ..\obj\stm32f4xx_gpio.o
                0x08003b60                GPIO_PinAFConfig
 .text.vListInitialise
                0x08003bf4       0x40 ..\obj\list.o
                0x08003bf4                vListInitialise
 .text.vListInitialiseItem
                0x08003c34       0x1c ..\obj\list.o
                0x08003c34                vListInitialiseItem
 .text.vListInsertEnd
                0x08003c50       0x48 ..\obj\list.o
                0x08003c50                vListInsertEnd
 .text.vListInsert
                0x08003c98       0x74 ..\obj\list.o
                0x08003c98                vListInsert
 .text.uxListRemove
                0x08003d0c       0x54 ..\obj\list.o
                0x08003d0c                uxListRemove
 .text.SystemInit
                0x08003d60       0x6c ..\obj\system_stm32f4xx.o
                0x08003d60                SystemInit
 .text.SetSysClock
                0x08003dcc      0x12c ..\obj\system_stm32f4xx.o
 .text.vTraceInitTraceData
                0x08003ef8        0xc ..\obj\trcUser.o
                0x08003ef8                vTraceInitTraceData
 .text.uiTraceStart
                0x08003f04       0xc0 ..\obj\trcUser.o
                0x08003f04                uiTraceStart
 .text.vTraceStop
                0x08003fc4       0x28 ..\obj\trcUser.o
                0x08003fc4                vTraceStop
 .text.xTraceOpenLabel
                0x08003fec       0x30 ..\obj\trcUser.o
                0x08003fec                xTraceOpenLabel
 .text.pxPortInitialiseStack
                0x0800401c       0x64 ..\obj\port.o
                0x0800401c                pxPortInitialiseStack
 .text.prvTaskExitError
                0x08004080       0x3c ..\obj\port.o
 .text.SVC_Handler
                0x080040bc       0x24 ..\obj\port.o
                0x080040bc                SVC_Handler
 .text.prvPortStartFirstTask
                0x080040e0       0x20 ..\obj\port.o
 .text.xPortStartScheduler
                0x08004100      0x118 ..\obj\port.o
                0x08004100                xPortStartScheduler
 .text.vPortEnterCritical
                0x08004218       0x5c ..\obj\port.o
                0x08004218                vPortEnterCritical
 .text.vPortExitCritical
                0x08004274       0x50 ..\obj\port.o
                0x08004274                vPortExitCritical
 .text.PendSV_Handler
                0x080042c4       0x64 ..\obj\port.o
                0x080042c4                PendSV_Handler
 .text.SysTick_Handler
                0x08004328       0x48 ..\obj\port.o
                0x08004328                SysTick_Handler
 .text.vPortSetupTimerInterrupt
                0x08004370       0x38 ..\obj\port.o
                0x08004370                vPortSetupTimerInterrupt
 .text.vPortEnableVFP
                0x080043a8       0x14 ..\obj\port.o
 .text.vPortValidateInterruptPriority
                0x080043bc       0x7c ..\obj\port.o
                0x080043bc                vPortValidateInterruptPriority
 .text.xQueueGenericReset
                0x08004438       0xd0 ..\obj\queue.o
                0x08004438                xQueueGenericReset
 .text.xQueueGenericCreate
                0x08004508      0x128 ..\obj\queue.o
                0x08004508                xQueueGenericCreate
 .text.xQueueGenericSend
                0x08004630      0x300 ..\obj\queue.o
                0x08004630                xQueueGenericSend
 .text.xQueueGenericSendFromISR
                0x08004930      0x1b0 ..\obj\queue.o
                0x08004930                xQueueGenericSendFromISR
 .text.xQueueGenericReceive
                0x08004ae0      0x388 ..\obj\queue.o
                0x08004ae0                xQueueGenericReceive
 .text.uxQueueGetQueueNumber
                0x08004e68       0x18 ..\obj\queue.o
                0x08004e68                uxQueueGetQueueNumber
 .text.ucQueueGetQueueType
                0x08004e80       0x1c ..\obj\queue.o
                0x08004e80                ucQueueGetQueueType
 .text.prvCopyDataToQueue
                0x08004e9c       0xd8 ..\obj\queue.o
 .text.prvCopyDataFromQueue
                0x08004f74       0x4c ..\obj\queue.o
 .text.prvUnlockQueue
                0x08004fc0       0x98 ..\obj\queue.o
 .text.prvIsQueueEmpty
                0x08005058       0x2c ..\obj\queue.o
 .text.prvIsQueueFull
                0x08005084       0x30 ..\obj\queue.o
 .text.vQueueAddToRegistry
                0x080050b4       0x70 ..\obj\queue.o
                0x080050b4                vQueueAddToRegistry
 .text.vQueueWaitForMessageRestricted
                0x08005124       0x5c ..\obj\queue.o
                0x08005124                vQueueWaitForMessageRestricted
 .text.prvTraceGetObjectNumber
                0x08005180       0x1c ..\obj\trcKernelPort.o
                0x08005180                prvTraceGetObjectNumber
 .text.prvTraceGetObjectType
                0x0800519c       0x18 ..\obj\trcKernelPort.o
                0x0800519c                prvTraceGetObjectType
 .text.prvTraceGetTaskNumber
                0x080051b4       0x1c ..\obj\trcKernelPort.o
                0x080051b4                prvTraceGetTaskNumber
 .text.prvTraceGetCurrentTaskHandle
                0x080051d0       0x10 ..\obj\trcKernelPort.o
                0x080051d0                prvTraceGetCurrentTaskHandle
 .text.vTraceInitObjectPropertyTable
                0x080051e0      0x148 ..\obj\trcKernelPort.o
                0x080051e0                vTraceInitObjectPropertyTable
 .text.vTraceInitObjectHandleStack
                0x08005328       0xa0 ..\obj\trcKernelPort.o
                0x08005328                vTraceInitObjectHandleStack
 .text.pszTraceGetErrorNotEnoughHandles
                0x080053c8       0x80 ..\obj\trcKernelPort.o
                0x080053c8                pszTraceGetErrorNotEnoughHandles
 .text.uiTraceIsObjectExcluded
                0x08005448      0x170 ..\obj\trcKernelPort.o
                0x08005448                uiTraceIsObjectExcluded
 .text.Reset_Handler
                0x080055b8       0x44 ..\obj\startup_stm32f429_439xx.o
                0x080055b8                Reset_Handler
 .text.Default_Handler
                0x080055fc        0x2 ..\obj\startup_stm32f429_439xx.o
                0x080055fc                RTC_Alarm_IRQHandler
                0x080055fc                HASH_RNG_IRQHandler
                0x080055fc                EXTI2_IRQHandler
                0x080055fc                TIM8_CC_IRQHandler
                0x080055fc                DebugMon_Handler
                0x080055fc                UART8_IRQHandler
                0x080055fc                SPI4_IRQHandler
                0x080055fc                TIM1_CC_IRQHandler
                0x080055fc                DMA2_Stream5_IRQHandler
                0x080055fc                HardFault_Handler
                0x080055fc                DMA1_Stream5_IRQHandler
                0x080055fc                PVD_IRQHandler
                0x080055fc                SDIO_IRQHandler
                0x080055fc                TAMP_STAMP_IRQHandler
                0x080055fc                NMI_Handler
                0x080055fc                CAN2_RX1_IRQHandler
                0x080055fc                EXTI3_IRQHandler
                0x080055fc                TIM8_TRG_COM_TIM14_IRQHandler
                0x080055fc                TIM1_UP_TIM10_IRQHandler
                0x080055fc                TIM8_UP_TIM13_IRQHandler
                0x080055fc                I2C3_ER_IRQHandler
                0x080055fc                EXTI0_IRQHandler
                0x080055fc                I2C2_EV_IRQHandler
                0x080055fc                DMA1_Stream2_IRQHandler
                0x080055fc                CAN1_RX0_IRQHandler
                0x080055fc                FPU_IRQHandler
                0x080055fc                OTG_HS_WKUP_IRQHandler
                0x080055fc                UsageFault_Handler
                0x080055fc                LTDC_ER_IRQHandler
                0x080055fc                CAN2_SCE_IRQHandler
                0x080055fc                DMA2_Stream2_IRQHandler
                0x080055fc                SPI1_IRQHandler
                0x080055fc                TIM6_DAC_IRQHandler
                0x080055fc                TIM1_BRK_TIM9_IRQHandler
                0x080055fc                DCMI_IRQHandler
                0x080055fc                CAN2_RX0_IRQHandler
                0x080055fc                DMA2_Stream3_IRQHandler
                0x080055fc                USART6_IRQHandler
                0x080055fc                USART3_IRQHandler
                0x080055fc                CRYP_IRQHandler
                0x080055fc                CAN1_RX1_IRQHandler
                0x080055fc                UART5_IRQHandler
                0x080055fc                DMA2_Stream0_IRQHandler
                0x080055fc                TIM4_IRQHandler
                0x080055fc                I2C1_EV_IRQHandler
                0x080055fc                DMA1_Stream6_IRQHandler
                0x080055fc                DMA1_Stream1_IRQHandler
                0x080055fc                UART4_IRQHandler
                0x080055fc                TIM3_IRQHandler
                0x080055fc                RCC_IRQHandler
                0x080055fc                TIM8_BRK_TIM12_IRQHandler
                0x080055fc                Default_Handler
                0x080055fc                EXTI15_10_IRQHandler
                0x080055fc                ADC_IRQHandler
                0x080055fc                DMA1_Stream7_IRQHandler
                0x080055fc                SPI5_IRQHandler
                0x080055fc                TIM7_IRQHandler
                0x080055fc                CAN2_TX_IRQHandler
                0x080055fc                TIM5_IRQHandler
                0x080055fc                DMA2_Stream7_IRQHandler
                0x080055fc                I2C3_EV_IRQHandler
                0x080055fc                EXTI9_5_IRQHandler
                0x080055fc                RTC_WKUP_IRQHandler
                0x080055fc                LTDC_IRQHandler
                0x080055fc                ETH_WKUP_IRQHandler
                0x080055fc                SPI2_IRQHandler
                0x080055fc                OTG_HS_EP1_IN_IRQHandler
                0x080055fc                MemManage_Handler
                0x080055fc                DMA1_Stream0_IRQHandler
                0x080055fc                CAN1_TX_IRQHandler
                0x080055fc                EXTI4_IRQHandler
                0x080055fc                FSMC_IRQHandler
                0x080055fc                ETH_IRQHandler
                0x080055fc                OTG_HS_EP1_OUT_IRQHandler
                0x080055fc                WWDG_IRQHandler
                0x080055fc                SPI6_IRQHandler
                0x080055fc                TIM2_IRQHandler
                0x080055fc                OTG_FS_WKUP_IRQHandler
                0x080055fc                TIM1_TRG_COM_TIM11_IRQHandler
                0x080055fc                OTG_HS_IRQHandler
                0x080055fc                DMA2D_IRQHandler
                0x080055fc                EXTI1_IRQHandler
                0x080055fc                UART7_IRQHandler
                0x080055fc                USART2_IRQHandler
                0x080055fc                I2C2_ER_IRQHandler
                0x080055fc                DMA2_Stream1_IRQHandler
                0x080055fc                CAN1_SCE_IRQHandler
                0x080055fc                FLASH_IRQHandler
                0x080055fc                DMA2_Stream4_IRQHandler
                0x080055fc                BusFault_Handler
                0x080055fc                USART1_IRQHandler
                0x080055fc                OTG_FS_IRQHandler
                0x080055fc                SPI3_IRQHandler
                0x080055fc                DMA1_Stream4_IRQHandler
                0x080055fc                I2C1_ER_IRQHandler
                0x080055fc                DMA2_Stream6_IRQHandler
                0x080055fc                SAI1_IRQHandler
                0x080055fc                DMA1_Stream3_IRQHandler
 *fill*         0x080055fe        0x2 
 .text.I2C_DeInit
                0x08005600       0x74 ..\obj\stm32f4xx_i2c.o
                0x08005600                I2C_DeInit
 .text.I2C_Init
                0x08005674      0x184 ..\obj\stm32f4xx_i2c.o
                0x08005674                I2C_Init
 .text.I2C_Cmd  0x080057f8       0x40 ..\obj\stm32f4xx_i2c.o
                0x080057f8                I2C_Cmd
 .text.I2C_GenerateSTART
                0x08005838       0x40 ..\obj\stm32f4xx_i2c.o
                0x08005838                I2C_GenerateSTART
 .text.I2C_GenerateSTOP
                0x08005878       0x40 ..\obj\stm32f4xx_i2c.o
                0x08005878                I2C_GenerateSTOP
 .text.I2C_Send7bitAddress
                0x080058b8       0x3c ..\obj\stm32f4xx_i2c.o
                0x080058b8                I2C_Send7bitAddress
 .text.I2C_AcknowledgeConfig
                0x080058f4       0x40 ..\obj\stm32f4xx_i2c.o
                0x080058f4                I2C_AcknowledgeConfig
 .text.I2C_SoftwareResetCmd
                0x08005934       0x44 ..\obj\stm32f4xx_i2c.o
                0x08005934                I2C_SoftwareResetCmd
 .text.I2C_SendData
                0x08005978       0x20 ..\obj\stm32f4xx_i2c.o
                0x08005978                I2C_SendData
 .text.I2C_ReceiveData
                0x08005998       0x1c ..\obj\stm32f4xx_i2c.o
                0x08005998                I2C_ReceiveData
 .text.I2C_GetFlagStatus
                0x080059b4       0x68 ..\obj\stm32f4xx_i2c.o
                0x080059b4                I2C_GetFlagStatus
 .text.vTaskTransceiverRX
                0x08005a1c       0x18 ..\obj\TD_Transceiver_RX.o
                0x08005a1c                vTaskTransceiverRX
 .text.EXTI_Init
                0x08005a34       0xe4 ..\obj\stm32f4xx_exti.o
                0x08005a34                EXTI_Init
 .text.prvTraceInitCortexM
                0x08005b18       0x7c ..\obj\trcHardwarePort.o
                0x08005b18                prvTraceInitCortexM
 .text.vTracePortGetTimeStamp
                0x08005b94       0xc4 ..\obj\trcHardwarePort.o
                0x08005b94                vTracePortGetTimeStamp
 .text.NVIC_Init
                0x08005c58       0xc4 ..\obj\misc.o
                0x08005c58                NVIC_Init
 .text.pvPortMalloc
                0x08005d1c       0xa0 ..\obj\heap_1.o
                0x08005d1c                pvPortMalloc
 .text.vPortFree
                0x08005dbc       0x30 ..\obj\heap_1.o
                0x08005dbc                vPortFree
 .text.STM_EVAL_LEDInit
                0x08005dec       0x5c ..\obj\stm32f429i_discovery.o
                0x08005dec                STM_EVAL_LEDInit
 .text.STM_EVAL_LEDOn
                0x08005e48       0x30 ..\obj\stm32f429i_discovery.o
                0x08005e48                STM_EVAL_LEDOn
 .text.STM_EVAL_LEDOff
                0x08005e78       0x30 ..\obj\stm32f429i_discovery.o
                0x08005e78                STM_EVAL_LEDOff
 .text.STM_EVAL_PBInit
                0x08005ea8       0x98 ..\obj\stm32f429i_discovery.o
                0x08005ea8                STM_EVAL_PBInit
 .text          0x08005f40      0x134 c:/program files (x86)/gnu tools arm embedded/5.2 2015q4/bin/../lib/gcc/arm-none-eabi/5.2.1/../../../../arm-none-eabi/lib/armv7e-m/fpu\libg.a(lib_a-memcpy.o)
                0x08005f40                memcpy
 .text.memset   0x08006074       0x9c c:/program files (x86)/gnu tools arm embedded/5.2 2015q4/bin/../lib/gcc/arm-none-eabi/5.2.1/../../../../arm-none-eabi/lib/armv7e-m/fpu\libg.a(lib_a-memset.o)
                0x08006074                memset
 .text.strncmp  0x08006110       0xa0 c:/program files (x86)/gnu tools arm embedded/5.2 2015q4/bin/../lib/gcc/arm-none-eabi/5.2.1/../../../../arm-none-eabi/lib/armv7e-m/fpu\libg.a(lib_a-strncmp.o)
                0x08006110                strncmp
 .text.strncpy  0x080061b0       0x68 c:/program files (x86)/gnu tools arm embedded/5.2 2015q4/bin/../lib/gcc/arm-none-eabi/5.2.1/../../../../arm-none-eabi/lib/armv7e-m/fpu\libg.a(lib_a-strncpy.o)
                0x080061b0                strncpy
 *(.init)
 *(.fini)
 *crtbegin.o(.ctors)
 *crtbegin?.o(.ctors)
 *(EXCLUDE_FILE(*crtend.o *crtend?.o) .ctors)
 *(SORT(.ctors.*))
 *(.ctors)
 *crtbegin.o(.dtors)
 *crtbegin?.o(.dtors)
 *(EXCLUDE_FILE(*crtend.o *crtend?.o) .dtors)
 *(SORT(.dtors.*))
 *(.dtors)
 *(.rodata*)
 .rodata        0x08006218      0x7a6 ..\obj\trcKernel.o
 *fill*         0x080069be        0x2 
 .rodata        0x080069c0       0x15 ..\obj\main.o
 *fill*         0x080069d5        0x3 
 .rodata        0x080069d8      0x617 ..\obj\trcBase.o
 *fill*         0x08006fef        0x1 
 .rodata        0x08006ff0        0xd ..\obj\timers.o
 *fill*         0x08006ffd        0x3 
 .rodata        0x08007000        0x5 ..\obj\tasks.o
 *fill*         0x08007005        0x3 
 .rodata        0x08007008      0x3b1 ..\obj\trcUser.o
 *fill*         0x080073b9        0x3 
 .rodata        0x080073bc      0x298 ..\obj\trcKernelPort.o
 .rodata        0x08007654       0x47 ..\obj\trcHardwarePort.o
 *fill*         0x0800769b        0x1 
 .rodata        0x0800769c       0x21 ..\obj\stm32f429i_discovery.o
                0x0800769c                GPIO_PIN
                0x080076a0                GPIO_CLK
                0x080076a8                BUTTON_PIN
                0x080076ac                BUTTON_CLK
                0x080076b0                BUTTON_EXTI_LINE
                0x080076b4                BUTTON_PORT_SOURCE
                0x080076b8                BUTTON_PIN_SOURCE
                0x080076bc                BUTTON_IRQn
 *(.eh_fram e*)

.glue_7         0x080076c0        0x0
 .glue_7        0x080076c0        0x0 linker stubs

.glue_7t        0x080076c0        0x0
 .glue_7t       0x080076c0        0x0 linker stubs

.vfp11_veneer   0x080076c0        0x0
 .vfp11_veneer  0x080076c0        0x0 linker stubs

.v4_bx          0x080076c0        0x0
 .v4_bx         0x080076c0        0x0 linker stubs

.iplt           0x080076c0        0x0
 .iplt          0x080076c0        0x0 ..\obj\stm32f4xx_syscfg.o

.rel.dyn        0x080076c0        0x0
 .rel.iplt      0x080076c0        0x0 ..\obj\stm32f4xx_syscfg.o

.ARM.extab
 *(.ARM.extab* .gnu.linkonce.armextab.*)
                0x080076c0                __exidx_start = .

.ARM.exidx
 *(.ARM.exidx* .gnu.linkonce.armexidx.*)
                0x080076c0                __exidx_end = .
                0x080076c0                __etext = .
                0x080076bd                _sidata = __etext

.data           0x20000000       0x44 load address 0x080076bd
                0x20000000                __data_start__ = .
                0x20000000                _sdata = __data_start__
 *(vtable)
 *(.data*)
 .data          0x20000000        0x4 ..\obj\trcKernel.o
 .data          0x20000004        0x4 ..\obj\stm32f429i_discovery_ioe.o
                0x20000004                IOE_TimeOut
 .data          0x20000008       0x10 ..\obj\stm32f4xx_rcc.o
 .data          0x20000018       0x14 ..\obj\system_stm32f4xx.o
                0x20000018                SystemCoreClock
                0x2000001c                AHBPrescTable
 .data          0x2000002c        0x4 ..\obj\port.o
 .data          0x20000030        0x5 ..\obj\trcKernelPort.o
                0x20000030                TraceObjectClassTable
 *fill*         0x20000035        0x3 
 .data          0x20000038        0xc ..\obj\stm32f429i_discovery.o
                0x20000038                GPIO_PORT
                0x20000040                BUTTON_PORT
                0x20000044                . = ALIGN (0x4)
                [!provide]                PROVIDE (__preinit_array_start, .)
 *(.preinit_array)
                [!provide]                PROVIDE (__preinit_array_end, .)
                0x20000044                . = ALIGN (0x4)
                [!provide]                PROVIDE (__init_array_start, .)
 *(SORT(.init_array.*))
 *(.init_array)
                [!provide]                PROVIDE (__init_array_end, .)
                0x20000044                . = ALIGN (0x4)
                [!provide]                PROVIDE (__fini_array_start, .)
 *(SORT(.fini_array.*))
 *(.fini_array)
                [!provide]                PROVIDE (__fini_array_end, .)
 *(.jcr*)
                0x20000044                . = ALIGN (0x4)
                0x20000044                __data_end__ = .
                0x20000044                _edata = __data_end__

.igot.plt       0x20000044        0x0 load address 0x08007704
 .igot.plt      0x20000044        0x0 ..\obj\stm32f4xx_syscfg.o

.bss            0x20000044    0x17740 load address 0x08007704
                0x20000044                . = ALIGN (0x4)
                0x20000044                __bss_start__ = .
                0x20000044                _sbss = __bss_start__
 *(.bss*)
 .bss           0x20000044        0x8 ..\obj\trcKernel.o
                0x20000044                nISRactive
                0x20000045                handle_of_last_logged_task
                0x20000046                inExcludedTask
 .bss           0x2000004c       0xb4 ..\obj\trcBase.o
                0x2000004c                excludedObjects
                0x20000054                excludedEventCodes
                0x20000078                objectHandleStacks
                0x200000e8                RecorderDataPtr
                0x200000ec                recorder_busy
                0x200000f0                traceErrorMessage
 .bss           0x20000100       0x3c ..\obj\timers.o
 .bss           0x2000013c      0x2f4 ..\obj\tasks.o
                0x2000013c                pxCurrentTCB
 .bss           0x20000430       0x1c ..\obj\trcUser.o
                0x20000430                vTraceStopHookPtr
                0x20000444                ptrLastISRExitEvent
                0x20000448                DWTCycleCountAtLastISRExit
 .bss           0x2000044c        0x8 ..\obj\port.o
 .bss           0x20000454       0x18 ..\obj\trcHardwarePort.o
                0x20000454                trace_disable_timestamp
                0x20000458                last_timestamp
                0x2000045c                uiTraceTickCount
                0x20000460                DWT_CYCLES_ADDED
 .bss           0x2000046c    0x12c08 ..\obj\heap_1.o
 *(COMMON)
 COMMON         0x20013074        0x8 ..\obj\stm32f429i_discovery_ioe.o
                0x20013074                TP_State
 COMMON         0x2001307c        0x2 ..\obj\main.o
                0x2001307c                user_event_channel
 *fill*         0x2001307e        0x2 
 COMMON         0x20013080     0x46c4 ..\obj\trcBase.o
                0x20013080                RecorderData
                0x20017740                init_hwtc_count
 COMMON         0x20017744       0x40 ..\obj\queue.o
                0x20017744                xQueueRegistry
                0x20017784                . = ALIGN (0x4)
                0x20017784                __bss_end__ = .
                0x20017784                _ebss = __bss_end__

.heap           0x20017784        0x0
                0x20017784                __end__ = .
                0x20017784                _end = __end__
                0x20017784                end = __end__
 *(.heap*)
                0x20017784                __HeapLimit = .

.co_stack       0x20017784        0x4 load address 0x0801ee44
                0x20017788                . = ALIGN (0x8)
 *fill*         0x20017784        0x4 
 *(.co_stack .co_stack.*)
                0x20030000                __StackTop = (ORIGIN (ram) + LENGTH (ram))
                0x2002fffc                __StackLimit = (__StackTop - SIZEOF (.co_stack))
                [!provide]                PROVIDE (__stack, __StackTop)
                0x00000001                ASSERT ((__StackLimit >= __HeapLimit), region ram  overflowed with stack)
LOAD ..\obj\stm32f4xx_syscfg.o
LOAD ..\obj\trcKernel.o
LOAD ..\obj\stm32f429i_discovery_ioe.o
LOAD ..\obj\stm32f4xx_sdio.o
LOAD ..\obj\stm32f4xx_cryp_aes.o
LOAD ..\obj\stm32f4xx_hash.o
LOAD ..\obj\stm32f4xx_dma2d.o
LOAD ..\obj\stm32f4xx_hash_sha1.o
LOAD ..\obj\stm32f4xx_usart.o
LOAD ..\obj\stm32f4xx_pwr.o
LOAD ..\obj\stm32f4xx_can.o
LOAD ..\obj\stm32f4xx_wwdg.o
LOAD ..\obj\stm32f4xx_hash_md5.o
LOAD ..\obj\stm32f4xx_dac.o
LOAD ..\obj\stm32f4xx_ltdc.o
LOAD ..\obj\stm32f4xx_crc.o
LOAD ..\obj\stm32f4xx_iwdg.o
LOAD ..\obj\main.o
LOAD ..\obj\trcBase.o
LOAD ..\obj\stm32f4xx_rcc.o
LOAD ..\obj\timers.o
LOAD ..\obj\stm32f4xx_adc.o
LOAD ..\obj\printf.o
LOAD ..\obj\stm32f4xx_dcmi.o
LOAD ..\obj\TD_Sniffer.o
LOAD ..\obj\tasks.o
LOAD ..\obj\stm32f4xx_cryp_des.o
LOAD ..\obj\stm32f4xx_cryp.o
LOAD ..\obj\CAN_Decode.o
LOAD ..\obj\stm32f4xx_gpio.o
LOAD ..\obj\stm32f429i_discovery_sdram.o
LOAD ..\obj\stm32f4xx_flash.o
LOAD ..\obj\list.o
LOAD ..\obj\stm32f4xx_sai.o
LOAD ..\obj\system_stm32f4xx.o
LOAD ..\obj\stm32f4xx_dma.o
LOAD ..\obj\trcUser.o
LOAD ..\obj\stm32f4xx_fmc.o
LOAD ..\obj\port.o
LOAD ..\obj\queue.o
LOAD ..\obj\trcKernelPort.o
LOAD ..\obj\croutine.o
LOAD ..\obj\startup_stm32f429_439xx.o
LOAD ..\obj\stm32f4xx_spi.o
LOAD ..\obj\event_groups.o
LOAD ..\obj\stm32f4xx_i2c.o
LOAD ..\obj\TD_Transceiver_RX.o
LOAD ..\obj\stm32f4xx_rng.o
LOAD ..\obj\stm32f4xx_exti.o
LOAD ..\obj\trcHardwarePort.o
LOAD ..\obj\misc.o
LOAD ..\obj\heap_1.o
LOAD ..\obj\stm32f4xx_rtc.o
LOAD ..\obj\stm32f429i_discovery.o
LOAD ..\obj\stm32f429i_discovery_lcd.o
LOAD ..\obj\stm32f4xx_cryp_tdes.o
LOAD ..\obj\stm32f4xx_tim.o
LOAD ..\obj\stm32f4xx_dbgmcu.o
START GROUP
LOAD c:/program files (x86)/gnu tools arm embedded/5.2 2015q4/bin/../lib/gcc/arm-none-eabi/5.2.1/armv7e-m/fpu\libgcc.a
LOAD c:/program files (x86)/gnu tools arm embedded/5.2 2015q4/bin/../lib/gcc/arm-none-eabi/5.2.1/../../../../arm-none-eabi/lib/armv7e-m/fpu\libg.a
LOAD c:/program files (x86)/gnu tools arm embedded/5.2 2015q4/bin/../lib/gcc/arm-none-eabi/5.2.1/../../../../arm-none-eabi/lib/armv7e-m/fpu\libc.a
END GROUP
OUTPUT(ITSPLC_FreeRTOS.elf elf32-littlearm)

.debug_info     0x00000000     0xcafa
 .debug_info    0x00000000      0x298 ..\obj\stm32f4xx_syscfg.o
 .debug_info    0x00000298     0x10bf ..\obj\trcKernel.o
 .debug_info    0x00001357      0xc46 ..\obj\stm32f429i_discovery_ioe.o
 .debug_info    0x00001f9d      0x13b ..\obj\main.o
 .debug_info    0x000020d8      0xb4b ..\obj\trcBase.o
 .debug_info    0x00002c23      0xe1d ..\obj\stm32f4xx_rcc.o
 .debug_info    0x00003a40      0xa45 ..\obj\timers.o
 .debug_info    0x00004485       0xee ..\obj\TD_Sniffer.o
 .debug_info    0x00004573     0x1d97 ..\obj\tasks.o
 .debug_info    0x0000630a      0x61d ..\obj\stm32f4xx_gpio.o
 .debug_info    0x00006927      0x2d6 ..\obj\list.o
 .debug_info    0x00006bfd      0x5bd ..\obj\system_stm32f4xx.o
 .debug_info    0x000071ba      0xfe0 ..\obj\trcUser.o
 .debug_info    0x0000819a      0x569 ..\obj\port.o
 .debug_info    0x00008703     0x139d ..\obj\queue.o
 .debug_info    0x00009aa0      0x72d ..\obj\trcKernelPort.o
 .debug_info    0x0000a1cd       0xc8 ..\obj\startup_stm32f429_439xx.o
 .debug_info    0x0000a295      0xb93 ..\obj\stm32f4xx_i2c.o
 .debug_info    0x0000ae28       0xee ..\obj\TD_Transceiver_RX.o
 .debug_info    0x0000af16      0x348 ..\obj\stm32f4xx_exti.o
 .debug_info    0x0000b25e      0x5ce ..\obj\trcHardwarePort.o
 .debug_info    0x0000b82c      0x541 ..\obj\misc.o
 .debug_info    0x0000bd6d      0x1ed ..\obj\heap_1.o
 .debug_info    0x0000bf5a      0xba0 ..\obj\stm32f429i_discovery.o

.debug_abbrev   0x00000000     0x26ae
 .debug_abbrev  0x00000000      0x133 ..\obj\stm32f4xx_syscfg.o
 .debug_abbrev  0x00000133      0x2bd ..\obj\trcKernel.o
 .debug_abbrev  0x000003f0      0x22b ..\obj\stm32f429i_discovery_ioe.o
 .debug_abbrev  0x0000061b       0x92 ..\obj\main.o
 .debug_abbrev  0x000006ad      0x2a7 ..\obj\trcBase.o
 .debug_abbrev  0x00000954      0x1bc ..\obj\stm32f4xx_rcc.o
 .debug_abbrev  0x00000b10      0x1f4 ..\obj\timers.o
 .debug_abbrev  0x00000d04       0x97 ..\obj\TD_Sniffer.o
 .debug_abbrev  0x00000d9b      0x2cf ..\obj\tasks.o
 .debug_abbrev  0x0000106a      0x1a7 ..\obj\stm32f4xx_gpio.o
 .debug_abbrev  0x00001211       0xd8 ..\obj\list.o
 .debug_abbrev  0x000012e9      0x138 ..\obj\system_stm32f4xx.o
 .debug_abbrev  0x00001421      0x375 ..\obj\trcUser.o
 .debug_abbrev  0x00001796      0x1df ..\obj\port.o
 .debug_abbrev  0x00001975      0x257 ..\obj\queue.o
 .debug_abbrev  0x00001bcc      0x18c ..\obj\trcKernelPort.o
 .debug_abbrev  0x00001d58       0x12 ..\obj\startup_stm32f429_439xx.o
 .debug_abbrev  0x00001d6a      0x166 ..\obj\stm32f4xx_i2c.o
 .debug_abbrev  0x00001ed0       0x97 ..\obj\TD_Transceiver_RX.o
 .debug_abbrev  0x00001f67      0x1a9 ..\obj\stm32f4xx_exti.o
 .debug_abbrev  0x00002110      0x148 ..\obj\trcHardwarePort.o
 .debug_abbrev  0x00002258      0x147 ..\obj\misc.o
 .debug_abbrev  0x0000239f      0x145 ..\obj\heap_1.o
 .debug_abbrev  0x000024e4      0x1ca ..\obj\stm32f429i_discovery.o

.debug_aranges  0x00000000      0xd68
 .debug_aranges
                0x00000000       0x50 ..\obj\stm32f4xx_syscfg.o
 .debug_aranges
                0x00000050       0x98 ..\obj\trcKernel.o
 .debug_aranges
                0x000000e8      0x100 ..\obj\stm32f429i_discovery_ioe.o
 .debug_aranges
                0x000001e8       0x20 ..\obj\main.o
 .debug_aranges
                0x00000208       0x90 ..\obj\trcBase.o
 .debug_aranges
                0x00000298      0x1b8 ..\obj\stm32f4xx_rcc.o
 .debug_aranges
                0x00000450       0xa0 ..\obj\timers.o
 .debug_aranges
                0x000004f0       0x20 ..\obj\TD_Sniffer.o
 .debug_aranges
                0x00000510      0x1b8 ..\obj\tasks.o
 .debug_aranges
                0x000006c8       0x88 ..\obj\stm32f4xx_gpio.o
 .debug_aranges
                0x00000750       0x40 ..\obj\list.o
 .debug_aranges
                0x00000790       0x30 ..\obj\system_stm32f4xx.o
 .debug_aranges
                0x000007c0       0xe8 ..\obj\trcUser.o
 .debug_aranges
                0x000008a8       0x80 ..\obj\port.o
 .debug_aranges
                0x00000928      0x100 ..\obj\queue.o
 .debug_aranges
                0x00000a28       0x70 ..\obj\trcKernelPort.o
 .debug_aranges
                0x00000a98       0x28 ..\obj\startup_stm32f429_439xx.o
 .debug_aranges
                0x00000ac0      0x130 ..\obj\stm32f4xx_i2c.o
 .debug_aranges
                0x00000bf0       0x20 ..\obj\TD_Transceiver_RX.o
 .debug_aranges
                0x00000c10       0x58 ..\obj\stm32f4xx_exti.o
 .debug_aranges
                0x00000c68       0x28 ..\obj\trcHardwarePort.o
 .debug_aranges
                0x00000c90       0x40 ..\obj\misc.o
 .debug_aranges
                0x00000cd0       0x38 ..\obj\heap_1.o
 .debug_aranges
                0x00000d08       0x60 ..\obj\stm32f429i_discovery.o

.debug_ranges   0x00000000      0xbf0
 .debug_ranges  0x00000000       0x40 ..\obj\stm32f4xx_syscfg.o
 .debug_ranges  0x00000040       0x88 ..\obj\trcKernel.o
 .debug_ranges  0x000000c8       0xf0 ..\obj\stm32f429i_discovery_ioe.o
 .debug_ranges  0x000001b8       0x10 ..\obj\main.o
 .debug_ranges  0x000001c8       0x80 ..\obj\trcBase.o
 .debug_ranges  0x00000248      0x1a8 ..\obj\stm32f4xx_rcc.o
 .debug_ranges  0x000003f0       0x90 ..\obj\timers.o
 .debug_ranges  0x00000480       0x10 ..\obj\TD_Sniffer.o
 .debug_ranges  0x00000490      0x1a8 ..\obj\tasks.o
 .debug_ranges  0x00000638       0x78 ..\obj\stm32f4xx_gpio.o
 .debug_ranges  0x000006b0       0x30 ..\obj\list.o
 .debug_ranges  0x000006e0       0x20 ..\obj\system_stm32f4xx.o
 .debug_ranges  0x00000700       0xd8 ..\obj\trcUser.o
 .debug_ranges  0x000007d8       0x70 ..\obj\port.o
 .debug_ranges  0x00000848       0xf0 ..\obj\queue.o
 .debug_ranges  0x00000938       0x60 ..\obj\trcKernelPort.o
 .debug_ranges  0x00000998       0x20 ..\obj\startup_stm32f429_439xx.o
 .debug_ranges  0x000009b8      0x120 ..\obj\stm32f4xx_i2c.o
 .debug_ranges  0x00000ad8       0x10 ..\obj\TD_Transceiver_RX.o
 .debug_ranges  0x00000ae8       0x48 ..\obj\stm32f4xx_exti.o
 .debug_ranges  0x00000b30       0x18 ..\obj\trcHardwarePort.o
 .debug_ranges  0x00000b48       0x30 ..\obj\misc.o
 .debug_ranges  0x00000b78       0x28 ..\obj\heap_1.o
 .debug_ranges  0x00000ba0       0x50 ..\obj\stm32f429i_discovery.o

.debug_line     0x00000000     0x6c4b
 .debug_line    0x00000000      0x250 ..\obj\stm32f4xx_syscfg.o
 .debug_line    0x00000250      0x5ae ..\obj\trcKernel.o
 .debug_line    0x000007fe      0x7db ..\obj\stm32f429i_discovery_ioe.o
 .debug_line    0x00000fd9      0x228 ..\obj\main.o
 .debug_line    0x00001201      0x51a ..\obj\trcBase.o
 .debug_line    0x0000171b      0x685 ..\obj\stm32f4xx_rcc.o
 .debug_line    0x00001da0      0x584 ..\obj\timers.o
 .debug_line    0x00002324      0x1da ..\obj\TD_Sniffer.o
 .debug_line    0x000024fe      0xf07 ..\obj\tasks.o
 .debug_line    0x00003405      0x3a9 ..\obj\stm32f4xx_gpio.o
 .debug_line    0x000037ae      0x296 ..\obj\list.o
 .debug_line    0x00003a44      0x222 ..\obj\system_stm32f4xx.o
 .debug_line    0x00003c66      0x6fe ..\obj\trcUser.o
 .debug_line    0x00004364      0x42b ..\obj\port.o
 .debug_line    0x0000478f      0xb65 ..\obj\queue.o
 .debug_line    0x000052f4      0x358 ..\obj\trcKernelPort.o
 .debug_line    0x0000564c       0xb6 ..\obj\startup_stm32f429_439xx.o
 .debug_line    0x00005702      0x54f ..\obj\stm32f4xx_i2c.o
 .debug_line    0x00005c51      0x1e1 ..\obj\TD_Transceiver_RX.o
 .debug_line    0x00005e32      0x2d1 ..\obj\stm32f4xx_exti.o
 .debug_line    0x00006103      0x275 ..\obj\trcHardwarePort.o
 .debug_line    0x00006378      0x277 ..\obj\misc.o
 .debug_line    0x000065ef      0x2bb ..\obj\heap_1.o
 .debug_line    0x000068aa      0x3a1 ..\obj\stm32f429i_discovery.o

.debug_str      0x00000000     0x4eaa
 .debug_str     0x00000000      0x2da ..\obj\stm32f4xx_syscfg.o
                                0x338 (size before relaxing)
 .debug_str     0x000002da      0x858 ..\obj\trcKernel.o
                                0xa2a (size before relaxing)
 .debug_str     0x00000b32      0x6fc ..\obj\stm32f429i_discovery_ioe.o
                                0x8dd (size before relaxing)
 .debug_str     0x0000122e       0x85 ..\obj\main.o
                                0x24e (size before relaxing)
 .debug_str     0x000012b3      0x31b ..\obj\trcBase.o
                                0x981 (size before relaxing)
 .debug_str     0x000015ce      0x78a ..\obj\stm32f4xx_rcc.o
                                0x9c7 (size before relaxing)
 .debug_str     0x00001d58      0x52a ..\obj\timers.o
                                0x788 (size before relaxing)
 .debug_str     0x00002282       0x4e ..\obj\TD_Sniffer.o
                                0x20f (size before relaxing)
 .debug_str     0x000022d0      0xc1d ..\obj\tasks.o
                                0xfa3 (size before relaxing)
 .debug_str     0x00002eed      0x1a4 ..\obj\stm32f4xx_gpio.o
                                0x4ca (size before relaxing)
 .debug_str     0x00003091       0xcb ..\obj\list.o
                                0x33b (size before relaxing)
 .debug_str     0x0000315c      0x125 ..\obj\system_stm32f4xx.o
                                0x3ed (size before relaxing)
 .debug_str     0x00003281      0x365 ..\obj\trcUser.o
                                0xa52 (size before relaxing)
 .debug_str     0x000035e6      0x214 ..\obj\port.o
                                0x4ae (size before relaxing)
 .debug_str     0x000037fa      0x49f ..\obj\queue.o
                                0x8c2 (size before relaxing)
 .debug_str     0x00003c99      0x195 ..\obj\trcKernelPort.o
                                0x82b (size before relaxing)
 .debug_str     0x00003e2e      0x392 ..\obj\stm32f4xx_i2c.o
                                0x6dc (size before relaxing)
 .debug_str     0x000041c0       0x5b ..\obj\TD_Transceiver_RX.o
                                0x21c (size before relaxing)
 .debug_str     0x0000421b      0x1d4 ..\obj\stm32f4xx_exti.o
                                0x376 (size before relaxing)
 .debug_str     0x000043ef       0xd5 ..\obj\trcHardwarePort.o
                                0x6cc (size before relaxing)
 .debug_str     0x000044c4      0x1d2 ..\obj\misc.o
                                0x3f8 (size before relaxing)
 .debug_str     0x00004696       0xc3 ..\obj\heap_1.o
                                0x2c2 (size before relaxing)
 .debug_str     0x00004759      0x751 ..\obj\stm32f429i_discovery.o
                                0xdc2 (size before relaxing)

.comment        0x00000000       0x6e
 .comment       0x00000000       0x6e ..\obj\stm32f4xx_syscfg.o
                                 0x6f (size before relaxing)
 .comment       0x0000006e       0x6f ..\obj\trcKernel.o
 .comment       0x0000006e       0x6f ..\obj\stm32f429i_discovery_ioe.o
 .comment       0x0000006e       0x6f ..\obj\main.o
 .comment       0x0000006e       0x6f ..\obj\trcBase.o
 .comment       0x0000006e       0x6f ..\obj\stm32f4xx_rcc.o
 .comment       0x0000006e       0x6f ..\obj\timers.o
 .comment       0x0000006e       0x6f ..\obj\TD_Sniffer.o
 .comment       0x0000006e       0x6f ..\obj\tasks.o
 .comment       0x0000006e       0x6f ..\obj\stm32f4xx_gpio.o
 .comment       0x0000006e       0x6f ..\obj\list.o
 .comment       0x0000006e       0x6f ..\obj\system_stm32f4xx.o
 .comment       0x0000006e       0x6f ..\obj\trcUser.o
 .comment       0x0000006e       0x6f ..\obj\port.o
 .comment       0x0000006e       0x6f ..\obj\queue.o
 .comment       0x0000006e       0x6f ..\obj\trcKernelPort.o
 .comment       0x0000006e       0x6f ..\obj\stm32f4xx_i2c.o
 .comment       0x0000006e       0x6f ..\obj\TD_Transceiver_RX.o
 .comment       0x0000006e       0x6f ..\obj\stm32f4xx_exti.o
 .comment       0x0000006e       0x6f ..\obj\trcHardwarePort.o
 .comment       0x0000006e       0x6f ..\obj\misc.o
 .comment       0x0000006e       0x6f ..\obj\heap_1.o
 .comment       0x0000006e       0x6f ..\obj\stm32f429i_discovery.o

.ARM.attributes
                0x00000000       0x37
 .ARM.attributes
                0x00000000       0x39 ..\obj\stm32f4xx_syscfg.o
 .ARM.attributes
                0x00000039       0x39 ..\obj\trcKernel.o
 .ARM.attributes
                0x00000072       0x39 ..\obj\stm32f429i_discovery_ioe.o
 .ARM.attributes
                0x000000ab       0x39 ..\obj\main.o
 .ARM.attributes
                0x000000e4       0x39 ..\obj\trcBase.o
 .ARM.attributes
                0x0000011d       0x39 ..\obj\stm32f4xx_rcc.o
 .ARM.attributes
                0x00000156       0x39 ..\obj\timers.o
 .ARM.attributes
                0x0000018f       0x39 ..\obj\TD_Sniffer.o
 .ARM.attributes
                0x000001c8       0x39 ..\obj\tasks.o
 .ARM.attributes
                0x00000201       0x39 ..\obj\stm32f4xx_gpio.o
 .ARM.attributes
                0x0000023a       0x39 ..\obj\list.o
 .ARM.attributes
                0x00000273       0x39 ..\obj\system_stm32f4xx.o
 .ARM.attributes
                0x000002ac       0x39 ..\obj\trcUser.o
 .ARM.attributes
                0x000002e5       0x39 ..\obj\port.o
 .ARM.attributes
                0x0000031e       0x39 ..\obj\queue.o
 .ARM.attributes
                0x00000357       0x39 ..\obj\trcKernelPort.o
 .ARM.attributes
                0x00000390       0x21 ..\obj\startup_stm32f429_439xx.o
 .ARM.attributes
                0x000003b1       0x39 ..\obj\stm32f4xx_i2c.o
 .ARM.attributes
                0x000003ea       0x39 ..\obj\TD_Transceiver_RX.o
 .ARM.attributes
                0x00000423       0x39 ..\obj\stm32f4xx_exti.o
 .ARM.attributes
                0x0000045c       0x39 ..\obj\trcHardwarePort.o
 .ARM.attributes
                0x00000495       0x39 ..\obj\misc.o
 .ARM.attributes
                0x000004ce       0x39 ..\obj\heap_1.o
 .ARM.attributes
                0x00000507       0x39 ..\obj\stm32f429i_discovery.o
 .ARM.attributes
                0x00000540       0x20 c:/program files (x86)/gnu tools arm embedded/5.2 2015q4/bin/../lib/gcc/arm-none-eabi/5.2.1/../../../../arm-none-eabi/lib/armv7e-m/fpu\libg.a(lib_a-memcpy.o)
 .ARM.attributes
                0x00000560       0x34 c:/program files (x86)/gnu tools arm embedded/5.2 2015q4/bin/../lib/gcc/arm-none-eabi/5.2.1/../../../../arm-none-eabi/lib/armv7e-m/fpu\libg.a(lib_a-memset.o)
 .ARM.attributes
                0x00000594       0x34 c:/program files (x86)/gnu tools arm embedded/5.2 2015q4/bin/../lib/gcc/arm-none-eabi/5.2.1/../../../../arm-none-eabi/lib/armv7e-m/fpu\libg.a(lib_a-strncmp.o)
 .ARM.attributes
                0x000005c8       0x34 c:/program files (x86)/gnu tools arm embedded/5.2 2015q4/bin/../lib/gcc/arm-none-eabi/5.2.1/../../../../arm-none-eabi/lib/armv7e-m/fpu\libg.a(lib_a-strncpy.o)

.debug_frame    0x00000000     0x35c0
 .debug_frame   0x00000000      0x11c ..\obj\stm32f4xx_syscfg.o
 .debug_frame   0x0000011c      0x270 ..\obj\trcKernel.o
 .debug_frame   0x0000038c      0x400 ..\obj\stm32f429i_discovery_ioe.o
 .debug_frame   0x0000078c       0x30 ..\obj\main.o
 .debug_frame   0x000007bc      0x21c ..\obj\trcBase.o
 .debug_frame   0x000009d8      0x814 ..\obj\stm32f4xx_rcc.o
 .debug_frame   0x000011ec      0x284 ..\obj\timers.o
 .debug_frame   0x00001470       0x30 ..\obj\TD_Sniffer.o
 .debug_frame   0x000014a0      0x788 ..\obj\tasks.o
 .debug_frame   0x00001c28      0x23c ..\obj\stm32f4xx_gpio.o
 .debug_frame   0x00001e64       0xd8 ..\obj\list.o
 .debug_frame   0x00001f3c       0x7c ..\obj\system_stm32f4xx.o
 .debug_frame   0x00001fb8      0x3a4 ..\obj\trcUser.o
 .debug_frame   0x0000235c      0x19c ..\obj\port.o
 .debug_frame   0x000024f8      0x474 ..\obj\queue.o
 .debug_frame   0x0000296c      0x178 ..\obj\trcKernelPort.o
 .debug_frame   0x00002ae4      0x580 ..\obj\stm32f4xx_i2c.o
 .debug_frame   0x00003064       0x30 ..\obj\TD_Transceiver_RX.o
 .debug_frame   0x00003094      0x148 ..\obj\stm32f4xx_exti.o
 .debug_frame   0x000031dc       0x54 ..\obj\trcHardwarePort.o
 .debug_frame   0x00003230       0xd8 ..\obj\misc.o
 .debug_frame   0x00003308       0x9c ..\obj\heap_1.o
 .debug_frame   0x000033a4      0x160 ..\obj\stm32f429i_discovery.o
 .debug_frame   0x00003504       0x34 c:/program files (x86)/gnu tools arm embedded/5.2 2015q4/bin/../lib/gcc/arm-none-eabi/5.2.1/../../../../arm-none-eabi/lib/armv7e-m/fpu\libg.a(lib_a-memset.o)
 .debug_frame   0x00003538       0x54 c:/program files (x86)/gnu tools arm embedded/5.2 2015q4/bin/../lib/gcc/arm-none-eabi/5.2.1/../../../../arm-none-eabi/lib/armv7e-m/fpu\libg.a(lib_a-strncmp.o)
 .debug_frame   0x0000358c       0x34 c:/program files (x86)/gnu tools arm embedded/5.2 2015q4/bin/../lib/gcc/arm-none-eabi/5.2.1/../../../../arm-none-eabi/lib/armv7e-m/fpu\libg.a(lib_a-strncpy.o)
